Archive member included because of file (symbol)

/usr/bin/../lib/gcc/arm-none-eabi/4.9.3/libgcc.a(_udivsi3.o)
                              build/stdlib.o (__aeabi_uidivmod)
/usr/bin/../lib/gcc/arm-none-eabi/4.9.3/libgcc.a(_dvmd_tls.o)
                              /usr/bin/../lib/gcc/arm-none-eabi/4.9.3/libgcc.a(_udivsi3.o) (__aeabi_idiv0)

Allocating common symbols
Common symbol       size              file

interrupts_table    0x100             build/intr.o
active_proc         0x4               build/dispatch.o
ready_queue         0x20              build/dispatch.o
pcb                 0x370             build/process.o

Memory Configuration

Name             Origin             Length             Attributes
*default*        0x0000000000000000 0xffffffffffffffff

Linker script and memory map

LOAD build/dispatch.o
LOAD build/gpio.o
LOAD build/main.o
LOAD build/mem.o
LOAD build/process.o
LOAD build/stdlib.o
LOAD build/systemTimer.o
LOAD build/start.o
LOAD build/intr.o
LOAD build/irq_handler.o
Address of section .init set to 0x10000
Address of section .stack set to 0xa0000
START GROUP
LOAD /usr/bin/../lib/gcc/arm-none-eabi/4.9.3/libgcc.a
LOAD /usr/bin/../lib/gcc/arm-none-eabi/4.9.3/../../../../arm-none-eabi/lib/libg.a
LOAD /usr/bin/../lib/gcc/arm-none-eabi/4.9.3/../../../../arm-none-eabi/lib/libc.a
END GROUP
                0x0000000000008000                PROVIDE (__executable_start, 0x8000)
                0x0000000000008000                . = 0x8000

.interp
 *(.interp)

.note.gnu.build-id
 *(.note.gnu.build-id)

.hash
 *(.hash)

.gnu.hash
 *(.gnu.hash)

.dynsym
 *(.dynsym)

.dynstr
 *(.dynstr)

.gnu.version
 *(.gnu.version)

.gnu.version_d
 *(.gnu.version_d)

.gnu.version_r
 *(.gnu.version_r)

.rel.dyn        0x0000000000008000        0x0
 *(.rel.init)
 *(.rel.text .rel.text.* .rel.gnu.linkonce.t.*)
 *(.rel.fini)
 *(.rel.rodata .rel.rodata.* .rel.gnu.linkonce.r.*)
 *(.rel.data.rel.ro .rel.data.rel.ro.* .rel.gnu.linkonce.d.rel.ro.*)
 *(.rel.data .rel.data.* .rel.gnu.linkonce.d.*)
 *(.rel.tdata .rel.tdata.* .rel.gnu.linkonce.td.*)
 *(.rel.tbss .rel.tbss.* .rel.gnu.linkonce.tb.*)
 *(.rel.ctors)
 *(.rel.dtors)
 *(.rel.got)
 *(.rel.bss .rel.bss.* .rel.gnu.linkonce.b.*)
                0x0000000000008000                PROVIDE (__rel_iplt_start, .)
 *(.rel.iplt)
 .rel.iplt      0x0000000000000000        0x0 build/dispatch.o
                0x0000000000008000                PROVIDE (__rel_iplt_end, .)

.rela.dyn       0x0000000000008000        0x0
 *(.rela.init)
 *(.rela.text .rela.text.* .rela.gnu.linkonce.t.*)
 *(.rela.fini)
 *(.rela.rodata .rela.rodata.* .rela.gnu.linkonce.r.*)
 *(.rela.data .rela.data.* .rela.gnu.linkonce.d.*)
 *(.rela.tdata .rela.tdata.* .rela.gnu.linkonce.td.*)
 *(.rela.tbss .rela.tbss.* .rela.gnu.linkonce.tb.*)
 *(.rela.ctors)
 *(.rela.dtors)
 *(.rela.got)
 *(.rela.bss .rela.bss.* .rela.gnu.linkonce.b.*)
                0x0000000000008000                PROVIDE (__rela_iplt_start, .)
 *(.rela.iplt)
                0x0000000000008000                PROVIDE (__rela_iplt_end, .)

.rel.plt
 *(.rel.plt)

.rela.plt
 *(.rela.plt)

.init           0x0000000000010000       0x40
 *(SORT(.init))
 .init          0x0000000000010000       0x40 build/start.o
                0x0000000000010000                _start

.plt
 *(.plt)

.iplt           0x0000000000010040        0x0
 *(.iplt)
 .iplt          0x0000000000000000        0x0 build/dispatch.o

.text           0x0000000000010040     0x2090
 *(.text.unlikely .text.*_unlikely .text.unlikely.*)
 *(.text.exit .text.exit.*)
 *(.text.startup .text.startup.*)
 *(.text.hot .text.hot.*)
 *(.text .stub .text.* .gnu.linkonce.t.*)
 .text          0x0000000000010040      0x33c build/dispatch.o
                0x0000000000010040                add_ready_queue
                0x000000000001011c                remove_ready_queue
                0x00000000000101f4                dispatcher
                0x00000000000102b8                resign_impl
                0x00000000000102d4                resign
                0x0000000000010318                init_dispatcher
 .text          0x000000000001037c      0x8ec build/gpio.o
                0x000000000001037c                short_wait
                0x00000000000103b0                GetGpioAddress
                0x00000000000103c0                SetGpioFunction
                0x0000000000010518                SetGpio
                0x00000000000105f8                SetPullUpDn
                0x000000000001072c                GetGpio
                0x00000000000107d0                ReadChar
                0x00000000000108ec                WriteChar
                0x0000000000010a08                GpioInputSetup
                0x0000000000010a9c                GpioOutputSetup
                0x0000000000010b30                WriteString
                0x0000000000010bfc                debug
                0x0000000000010c28                error
 .text          0x0000000000010c68       0xa4 build/main.o
                0x0000000000010c68                test_1_foo
                0x0000000000010c70                test_process_1
                0x0000000000010c94                test_2_foo
                0x0000000000010c9c                test_process_2
                0x0000000000010cc0                main
 .text          0x0000000000010d0c       0xec build/mem.o
                0x0000000000010d0c                poke_b
                0x0000000000010d38                poke_w
                0x0000000000010d64                poke_l
                0x0000000000010d8c                peek_b
                0x0000000000010db0                peek_w
                0x0000000000010dd4                peek_l
 .text          0x0000000000010df8      0x368 build/process.o
                0x0000000000010df8                create_process
                0x00000000000110c0                init_process
 .text          0x0000000000011160      0xaec build/stdlib.o
                0x0000000000011160                charToBin
                0x00000000000111d4                printnum
                0x0000000000011374                vs_printf
 .text          0x0000000000011c4c       0x7c build/systemTimer.o
                0x0000000000011c4c                GetSystemTimerBase
                0x0000000000011c5c                GetTimeStamp
                0x0000000000011c84                Wait
 .text          0x0000000000011cc8       0x54 build/start.o
 .text          0x0000000000011d1c      0x280 build/intr.o
                0x0000000000011d1c                GetIRQController
                0x0000000000011d2c                GetARMTimer
                0x0000000000011d3c                enable_irq
                0x0000000000011d90                clear_irq
                0x0000000000011df0                isr_dispatcher
                0x0000000000011ecc                isr_timer
                0x0000000000011ef4                init_timer
                0x0000000000011f38                init_interrupts
 .text          0x0000000000011f9c       0x1c build/irq_handler.o
                0x0000000000011f9c                irq_handler
 .text          0x0000000000011fb8      0x114 /usr/bin/../lib/gcc/arm-none-eabi/4.9.3/libgcc.a(_udivsi3.o)
                0x0000000000011fb8                __udivsi3
                0x0000000000011fb8                __aeabi_uidiv
                0x00000000000120ac                __aeabi_uidivmod
 .text          0x00000000000120cc        0x4 /usr/bin/../lib/gcc/arm-none-eabi/4.9.3/libgcc.a(_dvmd_tls.o)
                0x00000000000120cc                __aeabi_ldiv0
                0x00000000000120cc                __aeabi_idiv0
 *(.gnu.warning)
 *(.glue_7t)
 .glue_7t       0x0000000000000000        0x0 linker stubs
 *(.glue_7)
 .glue_7        0x0000000000000000        0x0 linker stubs
 *(.vfp11_veneer)
 .vfp11_veneer  0x0000000000000000        0x0 linker stubs
 *(.v4_bx)
 .v4_bx         0x0000000000000000        0x0 linker stubs

.fini
 *(SORT(.fini))
                0x00000000000120d0                PROVIDE (__etext, .)
                0x00000000000120d0                PROVIDE (_etext, .)
                0x00000000000120d0                PROVIDE (etext, .)

.rodata         0x00000000000120d0       0x5f
 *(.rodata .rodata.* .gnu.linkonce.r.*)
 .rodata        0x00000000000120d0       0x47 build/main.o
 *fill*         0x0000000000012117        0x1 
 .rodata        0x0000000000012118        0xd build/process.o
 *fill*         0x0000000000012125        0x3 
 .rodata        0x0000000000012128        0x7 build/stdlib.o

.rodata1
 *(.rodata1)

.ARM.extab
 *(.ARM.extab* .gnu.linkonce.armextab.*)
                0x000000000001212f                PROVIDE (__exidx_start, .)

.ARM.exidx
 *(.ARM.exidx* .gnu.linkonce.armexidx.*)
                0x000000000001212f                PROVIDE (__exidx_end, .)

.eh_frame_hdr
 *(.eh_frame_hdr)

.eh_frame
 *(.eh_frame)

.gcc_except_table
 *(.gcc_except_table .gcc_except_table.*)

.exception_ranges
 *(.exception_ranges .exception_ranges*)
                0x000000000001a12f                . = (ALIGN (0x8000) + (. & 0x7fff))

.eh_frame
 *(.eh_frame)

.gcc_except_table
 *(.gcc_except_table .gcc_except_table.*)

.exception_ranges
 *(.exception_ranges .exception_ranges*)

.tdata
 *(.tdata .tdata.* .gnu.linkonce.td.*)

.tbss
 *(.tbss .tbss.* .gnu.linkonce.tb.*)
 *(.tcommon)

.preinit_array  0x000000000001a12f        0x0
                0x000000000001a12f                PROVIDE (__preinit_array_start, .)
 *(.preinit_array)
                0x000000000001a12f                PROVIDE (__preinit_array_end, .)

.init_array     0x000000000001a12f        0x0
                0x000000000001a12f                PROVIDE (__init_array_start, .)
 *(SORT(.init_array.*))
 *(.init_array)
                0x000000000001a12f                PROVIDE (__init_array_end, .)

.fini_array     0x000000000001a12f        0x0
                0x000000000001a12f                PROVIDE (__fini_array_start, .)
 *(SORT(.fini_array.*))
 *(.fini_array)
                0x000000000001a12f                PROVIDE (__fini_array_end, .)

.ctors
 *crtbegin.o(.ctors)
 *crtbegin?.o(.ctors)
 *(EXCLUDE_FILE(*crtend?.o *crtend.o) .ctors)
 *(SORT(.ctors.*))
 *(.ctors)

.dtors
 *crtbegin.o(.dtors)
 *crtbegin?.o(.dtors)
 *(EXCLUDE_FILE(*crtend?.o *crtend.o) .dtors)
 *(SORT(.dtors.*))
 *(.dtors)

.jcr
 *(.jcr)

.data.rel.ro
 *(.data.rel.ro.local* .gnu.linkonce.d.rel.ro.local.*)
 *(.data.rel.ro .data.rel.ro.* .gnu.linkonce.d.rel.ro.*)

.dynamic
 *(.dynamic)

.got            0x000000000001a130        0x0
 *(.got.plt)
 *(.igot.plt)
 .igot.plt      0x0000000000000000        0x0 build/dispatch.o
 *(.got)
 *(.igot)

.data           0x000000000001a130       0x25
                0x000000000001a130                __data_start = .
 *(.data .data.* .gnu.linkonce.d.*)
 .data          0x000000000001a130        0x0 build/dispatch.o
 .data          0x000000000001a130        0x0 build/gpio.o
 .data          0x000000000001a130        0x0 build/main.o
 .data          0x000000000001a130        0x0 build/mem.o
 .data          0x000000000001a130        0x0 build/process.o
 .data          0x000000000001a130       0x25 build/stdlib.o
 .data          0x000000000001a155        0x0 build/systemTimer.o
 .data          0x000000000001a155        0x0 build/start.o
 .data          0x000000000001a155        0x0 build/intr.o
 .data          0x000000000001a155        0x0 build/irq_handler.o
 .data          0x000000000001a155        0x0 /usr/bin/../lib/gcc/arm-none-eabi/4.9.3/libgcc.a(_udivsi3.o)
 .data          0x000000000001a155        0x0 /usr/bin/../lib/gcc/arm-none-eabi/4.9.3/libgcc.a(_dvmd_tls.o)

.data1
 *(.data1)
                0x000000000001a155                _edata = .
                0x000000000001a155                PROVIDE (edata, .)
                0x000000000001a155                . = .
                0x000000000001a155                __bss_start = .
                0x000000000001a155                __bss_start__ = .

.bss            0x000000000001a158      0x4b8
 *(.dynbss)
 *(.bss .bss.* .gnu.linkonce.b.*)
 .bss           0x000000000001a158        0x0 build/dispatch.o
 .bss           0x000000000001a158       0x18 build/gpio.o
                0x000000000001a158                TERMINAL_INPUT_BITS
                0x000000000001a15c                TERMINAL_WRITE_STATUS
                0x000000000001a160                TERMINAL_READ_STATUS
                0x000000000001a164                TOS_OUTPUT_BITS
                0x000000000001a168                TOS_WRITE_STATUS
                0x000000000001a16c                TOS_READ_STATUS
 .bss           0x000000000001a170        0x0 build/main.o
 .bss           0x000000000001a170        0x0 build/mem.o
 .bss           0x000000000001a170        0x0 build/process.o
 .bss           0x000000000001a170        0x0 build/stdlib.o
 .bss           0x000000000001a170        0x0 build/systemTimer.o
 .bss           0x000000000001a170        0x0 build/start.o
 .bss           0x000000000001a170        0xc build/intr.o
 .bss           0x000000000001a17c        0x0 build/irq_handler.o
 .bss           0x000000000001a17c        0x0 /usr/bin/../lib/gcc/arm-none-eabi/4.9.3/libgcc.a(_udivsi3.o)
 .bss           0x000000000001a17c        0x0 /usr/bin/../lib/gcc/arm-none-eabi/4.9.3/libgcc.a(_dvmd_tls.o)
 *(COMMON)
 COMMON         0x000000000001a17c       0x24 build/dispatch.o
                0x000000000001a17c                active_proc
                0x000000000001a180                ready_queue
 COMMON         0x000000000001a1a0      0x370 build/process.o
                0x000000000001a1a0                pcb
 COMMON         0x000000000001a510      0x100 build/intr.o
                0x000000000001a510                interrupts_table
                0x000000000001a610                . = ALIGN ((. != 0x0)?0x4:0x1)
                0x000000000001a610                _bss_end__ = .
                0x000000000001a610                __bss_end__ = .
                0x000000000001a610                . = ALIGN (0x4)
                0x000000000001a610                . = SEGMENT_START ("ldata-segment", .)
                0x000000000001a610                . = ALIGN (0x4)
                0x000000000001a610                __end__ = .
                0x000000000001a610                _end = .
                0x000000000001a610                PROVIDE (end, .)

.stab
 *(.stab)

.stabstr
 *(.stabstr)

.stab.excl
 *(.stab.excl)

.stab.exclstr
 *(.stab.exclstr)

.stab.index
 *(.stab.index)

.stab.indexstr
 *(.stab.indexstr)

.comment        0x0000000000000000       0x70
 *(.comment)
 .comment       0x0000000000000000       0x70 build/dispatch.o
                                         0x71 (size before relaxing)
 .comment       0x0000000000000000       0x71 build/gpio.o
 .comment       0x0000000000000000       0x71 build/main.o
 .comment       0x0000000000000000       0x71 build/mem.o
 .comment       0x0000000000000000       0x71 build/process.o
 .comment       0x0000000000000000       0x71 build/stdlib.o
 .comment       0x0000000000000000       0x71 build/systemTimer.o
 .comment       0x0000000000000000       0x71 build/intr.o

.debug
 *(.debug)

.line
 *(.line)

.debug_srcinfo
 *(.debug_srcinfo)

.debug_sfnames
 *(.debug_sfnames)

.debug_aranges  0x0000000000000000      0x100
 *(.debug_aranges)
 .debug_aranges
                0x0000000000000000       0x20 build/dispatch.o
 .debug_aranges
                0x0000000000000020       0x20 build/gpio.o
 .debug_aranges
                0x0000000000000040       0x20 build/main.o
 .debug_aranges
                0x0000000000000060       0x20 build/mem.o
 .debug_aranges
                0x0000000000000080       0x20 build/process.o
 .debug_aranges
                0x00000000000000a0       0x20 build/stdlib.o
 .debug_aranges
                0x00000000000000c0       0x20 build/systemTimer.o
 .debug_aranges
                0x00000000000000e0       0x20 build/intr.o

.debug_pubnames
 *(.debug_pubnames)

.debug_info     0x0000000000000000     0x1222
 *(.debug_info .gnu.linkonce.wi.*)
 .debug_info    0x0000000000000000      0x24a build/dispatch.o
 .debug_info    0x000000000000024a      0x3e9 build/gpio.o
 .debug_info    0x0000000000000633      0x202 build/main.o
 .debug_info    0x0000000000000835      0x1e5 build/mem.o
 .debug_info    0x0000000000000a1a      0x222 build/process.o
 .debug_info    0x0000000000000c3c      0x29d build/stdlib.o
 .debug_info    0x0000000000000ed9       0xaa build/systemTimer.o
 .debug_info    0x0000000000000f83      0x29f build/intr.o

.debug_abbrev   0x0000000000000000      0x828
 *(.debug_abbrev)
 .debug_abbrev  0x0000000000000000      0x168 build/dispatch.o
 .debug_abbrev  0x0000000000000168      0x189 build/gpio.o
 .debug_abbrev  0x00000000000002f1       0xf0 build/main.o
 .debug_abbrev  0x00000000000003e1       0xae build/mem.o
 .debug_abbrev  0x000000000000048f      0x10f build/process.o
 .debug_abbrev  0x000000000000059e       0xe5 build/stdlib.o
 .debug_abbrev  0x0000000000000683       0x9f build/systemTimer.o
 .debug_abbrev  0x0000000000000722      0x106 build/intr.o

.debug_line     0x0000000000000000      0x644
 *(.debug_line .debug_line.* .debug_line_end)
 .debug_line    0x0000000000000000       0xbb build/dispatch.o
 .debug_line    0x00000000000000bb      0x16d build/gpio.o
 .debug_line    0x0000000000000228       0x7f build/main.o
 .debug_line    0x00000000000002a7       0x73 build/mem.o
 .debug_line    0x000000000000031a       0xb2 build/process.o
 .debug_line    0x00000000000003cc      0x173 build/stdlib.o
 .debug_line    0x000000000000053f       0x51 build/systemTimer.o
 .debug_line    0x0000000000000590       0xb4 build/intr.o

.debug_frame    0x0000000000000000      0x514
 *(.debug_frame)
 .debug_frame   0x0000000000000000       0xa0 build/dispatch.o
 .debug_frame   0x00000000000000a0      0x168 build/gpio.o
 .debug_frame   0x0000000000000208       0x78 build/main.o
 .debug_frame   0x0000000000000280       0xa0 build/mem.o
 .debug_frame   0x0000000000000320       0x48 build/process.o
 .debug_frame   0x0000000000000368       0x68 build/stdlib.o
 .debug_frame   0x00000000000003d0       0x58 build/systemTimer.o
 .debug_frame   0x0000000000000428       0xcc build/intr.o
 .debug_frame   0x00000000000004f4       0x20 /usr/bin/../lib/gcc/arm-none-eabi/4.9.3/libgcc.a(_udivsi3.o)

.debug_str      0x0000000000000000      0x6ae
 *(.debug_str)
 .debug_str     0x0000000000000000      0x1b2 build/dispatch.o
                                        0x1e0 (size before relaxing)
 .debug_str     0x00000000000001b2      0x197 build/gpio.o
                                        0x275 (size before relaxing)
 .debug_str     0x0000000000000349       0x61 build/main.o
                                        0x1b0 (size before relaxing)
 .debug_str     0x00000000000003aa       0x46 build/mem.o
                                        0x128 (size before relaxing)
 .debug_str     0x00000000000003f0       0x42 build/process.o
                                        0x1ab (size before relaxing)
 .debug_str     0x0000000000000432       0x7d build/stdlib.o
                                        0x163 (size before relaxing)
 .debug_str     0x00000000000004af       0x4a build/systemTimer.o
                                         0xe5 (size before relaxing)
 .debug_str     0x00000000000004f9      0x1b5 build/intr.o
                                        0x2b2 (size before relaxing)

.debug_loc
 *(.debug_loc)

.debug_macinfo
 *(.debug_macinfo)

.debug_weaknames
 *(.debug_weaknames)

.debug_funcnames
 *(.debug_funcnames)

.debug_typenames
 *(.debug_typenames)

.debug_varnames
 *(.debug_varnames)

.debug_pubtypes
 *(.debug_pubtypes)

.debug_ranges
 *(.debug_ranges)

.debug_macro
 *(.debug_macro)

.stack          0x00000000000a0000        0x0
                0x00000000000a0000                _stack = .
 *(.stack)

.ARM.attributes
                0x0000000000000000       0x36
 *(.ARM.attributes)
 .ARM.attributes
                0x0000000000000000       0x38 build/dispatch.o
 .ARM.attributes
                0x0000000000000038       0x38 build/gpio.o
 .ARM.attributes
                0x0000000000000070       0x38 build/main.o
 .ARM.attributes
                0x00000000000000a8       0x38 build/mem.o
 .ARM.attributes
                0x00000000000000e0       0x38 build/process.o
 .ARM.attributes
                0x0000000000000118       0x38 build/stdlib.o
 .ARM.attributes
                0x0000000000000150       0x38 build/systemTimer.o
 .ARM.attributes
                0x0000000000000188       0x14 build/start.o
 .ARM.attributes
                0x000000000000019c       0x38 build/intr.o
 .ARM.attributes
                0x00000000000001d4       0x14 build/irq_handler.o
 .ARM.attributes
                0x00000000000001e8       0x18 /usr/bin/../lib/gcc/arm-none-eabi/4.9.3/libgcc.a(_udivsi3.o)
 .ARM.attributes
                0x0000000000000200       0x18 /usr/bin/../lib/gcc/arm-none-eabi/4.9.3/libgcc.a(_dvmd_tls.o)
 *(.gnu.attributes)

.note.gnu.arm.ident
 *(.note.gnu.arm.ident)

/DISCARD/
 *(.note.GNU-stack)
 *(.gnu_debuglink)
 *(.gnu.lto_*)
OUTPUT(build/output.elf elf32-littlearm)
